>>> add_integer = __import__('0-add_integer').add_integer
>>> add_integer(3, 2)
5
>>> add_integer(2)
100
>>> add_integer() # doctest: +ELLIPSIS
Traceback (most recent call last):
...
TypeError: add_integer() missing 1 required positional argument: 'a'
>>> add_integer(1.0, 2.0)
3
>>> add_integer(1.5, 2)
3
>>> add_integer(2, 1.5)
3
>>> add_integer(1.5)
99
>>> add_integer(1, None) # doctest: +ELLIPSIS
Traceback (most recent call last):
... 
TypeError: b must be an integer
>>> add_integer(None) # doctest: +ELLIPSIS
Traceback (most recent call last):
... 
TypeError: a must be an integer
>>> add_integer(None, None) # doctest: +ELLIPSIS
Traceback (most recent call last):
...
TypeError: a must be an integer
>>> add_integer("1", "2") # doctest: +ELLIPSIS
Traceback (most recent call last):
...
TypeError: a must be an integer
>>> add_integer(float("infinity"))
Traceback (most recent call last):
...
OverflowError: cannot convert float infinity to integer
>>> add_integer(float("NaN"))
Traceback (most recent call last):
...
ValueError: cannot convert float NaN to integer
