>>> say_my_name = __import__('3-say_my_name').say_my_name
>>> say_my_name('John', 'Doe')
My name is John Doe
>>> say_my_name('John')
My name is John 
>>> say_my_name('', '')
My name is  
>>> say_my_name('')
My name is  
>>> say_my_name() # doctest + ELLIPSIS
Traceback (most recent call last):
...
TypeError: say_my_name() missing 1 required positional argument: 'first_name'
>>> say_my_name(1) # doctest + ELLIPSIS
Traceback (most recent call last):
...
TypeError: first_name must be a string
>>> say_my_name('John', 1) # doctest + ELLIPSIS
Traceback (most recent call last):
...
TypeError: last_name must be a string
