>>> ps = __import__('4-print_square').print_square
>>> ps(3)
###
###
###
>>> ps(1)
#
>>> ps(0)
>>> ps(-1) # doctest + ELLIPSIS
Traceback (most recent call last):
...
ValueError: size must be >= 0
>>> ps(1.5) # doctest + ELLIPSIS
Traceback (most recent call last):
...
TypeError: size must be an integer
>>> ps("hello") # doctest + ELLIPSIS
Traceback (most recent call last):
...
TypeError: size must be an integer
>>> ps() # doctest + ELLIPSIS
Traceback (most recent call last):
...
TypeError: print_square() missing 1 required positional argument: 'size'
