>>> BaseGeometry = __import__('7-base_geometry').BaseGeometry

>>> bg = BaseGeometry()

# Test integer_validator with valid input
>>> bg.integer_validator('test', 5)

# Test integer_validator with non-integer input
>>> bg.integer_validator('test', 'string')
Traceback (most recent call last):
...
TypeError: test must be an integer

# Test integer_validator with value less than or equal to 0
>>> bg.integer_validator('test', -5)
Traceback (most recent call last):
...
ValueError: test must be greater than 0

# Test area method with unimplemented method
>>> bg.area()
Traceback (most recent call last):
...
Exception: area() is not implemented
"""
